bun install v1.4.2 (744846f84)

+ @nomicfoundation/hardhat-ethers@4.0.15
+ @nomicfoundation/hardhat-ethers-chai-matchers@3.0.11
+ @nomicfoundation/hardhat-ignition@3.1.8
+ @nomicfoundation/hardhat-ignition-ethers@3.1.6
+ @nomicfoundation/hardhat-keystore@3.0.13
+ @nomicfoundation/hardhat-mocha@3.1.0
+ @nomicfoundation/hardhat-network-helpers@3.0.11
+ @nomicfoundation/hardhat-toolbox-mocha-ethers@3.0.7
+ @nomicfoundation/hardhat-typechain@3.1.1
+ @nomicfoundation/hardhat-verify@3.1.0
+ @openzeppelin/contracts@5.6.1
+ @playwright/test@1.62.1
+ @stryker-mutator/core@9.6.1
+ @tsconfig/node20@20.1.10
+ @types/bun@1.4.0
+ @types/chai@5.2.3
+ @types/minimatch@6.0.0
+ @types/mocha@10.0.10
+ @types/node@20.19.43
+ @types/ws@8.18.1
+ @typescript-eslint/eslint-plugin@7.18.0
+ @typescript-eslint/parser@7.18.0
+ @typescript/native@7.0.2
+ chai@6.2.2
+ chai-as-promised@8.0.2
+ electron@42.10.1
+ eslint@8.57.1
+ eslint-plugin-import@2.32.0
+ fast-check@4.9.0
+ hardhat@3.15.0
+ jsonc-parser@3.3.1
+ knip@6.33.0
+ mocha@11.8.0
+ playwright@1.62.1
+ prettier@3.9.6
+ solc@0.8.25
+ tronweb@6.5.0
+ typescript@5.9.3
+ @ethereumjs/block@10.1.3
+ @ethereumjs/common@10.1.3
+ @ethereumjs/mpt@10.1.3
+ @ethereumjs/rlp@10.1.3
+ @ethereumjs/tx@10.1.3
+ @ethereumjs/util@10.1.3
+ @ethereumjs/vm@10.1.3
+ @noble/ciphers@2.4.0
+ @noble/curves@2.4.0
+ @noble/hashes@2.4.0
+ @noble/secp256k1@1.7.2
+ @node-rs/argon2@2.1.0
+ bip39@3.1.0
+ buffer@6.0.3
+ debug@4.4.3
+ dockview@4.13.1
+ ethers@6.17.0
+ hash-wasm@4.12.0
+ jdenticon@3.3.0
+ level@8.0.1
+ msgpackr@1.12.1
+ qrcode@1.5.4
+ secp256k1@4.0.5
+ ws@8.21.3

712 packages installed [1.57s]
